###############################################################################
#
# IAR ELF Linker V9.10.2.313/W64 for ARM                  25/Jul/2026  16:07:15
# Copyright 2007-2021 IAR Systems AB.
#
#    Output file  =
#        D:\Embedded\Nuvoton\M031_Series_BSP_CMSIS_V3.07.000\SampleCode\uart-pdma\IAR\Release\Exe\Template.out
#    Map file     =
#        D:\Embedded\Nuvoton\M031_Series_BSP_CMSIS_V3.07.000\SampleCode\uart-pdma\IAR\Release\List\Template.map
#    Command line =
#        -f
#        D:\Embedded\Nuvoton\M031_Series_BSP_CMSIS_V3.07.000\SampleCode\uart-pdma\IAR\Release\Exe\Template.out.rsp
#        ("D:\Embedded\Nuvoton\M031_Series_BSP_CMSIS_V3.07.000\SampleCode\uart-pdma\IAR\Release\Obj\Library
#        Files\clk.o"
#        "D:\Embedded\Nuvoton\M031_Series_BSP_CMSIS_V3.07.000\SampleCode\uart-pdma\IAR\Release\Obj\Source
#        Files\main.o"
#        "D:\Embedded\Nuvoton\M031_Series_BSP_CMSIS_V3.07.000\SampleCode\uart-pdma\IAR\Release\Obj\Library
#        Files\pdma.o"
#        "D:\Embedded\Nuvoton\M031_Series_BSP_CMSIS_V3.07.000\SampleCode\uart-pdma\IAR\Release\Obj\Library
#        Files\retarget.o"
#        "D:\Embedded\Nuvoton\M031_Series_BSP_CMSIS_V3.07.000\SampleCode\uart-pdma\IAR\Release\Obj\CMSIS
#        Files\startup_M031Series.o"
#        "D:\Embedded\Nuvoton\M031_Series_BSP_CMSIS_V3.07.000\SampleCode\uart-pdma\IAR\Release\Obj\Library
#        Files\sys.o"
#        "D:\Embedded\Nuvoton\M031_Series_BSP_CMSIS_V3.07.000\SampleCode\uart-pdma\IAR\Release\Obj\CMSIS
#        Files\system_M031Series.o"
#        "D:\Embedded\Nuvoton\M031_Series_BSP_CMSIS_V3.07.000\SampleCode\uart-pdma\IAR\Release\Obj\Library
#        Files\uart.o" --redirect _Printf=_PrintfTiny --no_out_extension -o
#        D:\Embedded\Nuvoton\M031_Series_BSP_CMSIS_V3.07.000\SampleCode\uart-pdma\IAR\Release\Exe\Template.out
#        --map
#        D:\Embedded\Nuvoton\M031_Series_BSP_CMSIS_V3.07.000\SampleCode\uart-pdma\IAR\Release\List\Template.map
#        --config
#        D:\Embedded\Nuvoton\M031_Series_BSP_CMSIS_V3.07.000\SampleCode\uart-pdma\IAR\..\..\..\SampleCode\Template\IAR\Template.icf
#        --semihosting --entry Reset_Handler --inline --vfe --text_out locale)
#
###############################################################################

*******************************************************************************
*** RUNTIME MODEL ATTRIBUTES
***

CppFlavor       = *
__SystemLibrary = DLib
__dlib_version  = 6


*******************************************************************************
*** HEAP SELECTION
***

The basic heap was selected because no calls to memory allocation
functions were found in the application outside of system library
functions, and there are calls to deallocation functions in the
application.


*******************************************************************************
*** PLACEMENT SUMMARY
***

"A0":  place at address 0x0 { ro section .intvec };
"P1":  place in [from 0x0 to 0x1'0000] { ro };
define block CSTACK with size = 512, alignment = 8 { };
define block HEAP with size = 0, alignment = 8 { };
"P2":  place in [from 0x2000'0000 to 0x2000'1fff] {
          rw, block CSTACK, block HEAP };
initialize by copy { rw };

  Section            Kind         Address    Size  Object
  -------            ----         -------    ----  ------
"A0":                                        0xc0
  .intvec            ro code          0x0    0xc0  startup_M031Series.o [1]
                                   - 0xc0    0xc0

"P1":                                      0x145b
  .text              ro code         0xc0   0x434  main.o [3]
  .text              ro code        0x4f4    0x28  printf.o [4]
  .text              ro code        0x51c    0x4c  snprintf.o [4]
  .text              ro code        0x568   0x1d0  clk.o [2]
  .text              ro code        0x738   0x13c  system_M031Series.o [1]
  .text              ro code        0x874    0x34  sys.o [2]
  .text              ro code        0x8a8   0x278  uart.o [2]
  .text              ro code        0xb20   0x2f0  pdma.o [2]
  .text              ro code        0xe10   0x174  xprintftiny.o [4]
  .text              ro code        0xf84    0x34  ABImemcpy.o [5]
  .text              ro code        0xfb8    0xae  I32DivModFast.o [5]
  .text              ro code       0x1066    0x3e  packbits_init_single.o [5]
  .text              ro code       0x10a4     0xe  strlen.o [5]
  .text              ro code       0x10b4    0xac  retarget.o [2]
  .text              ro code       0x1160     0xc  retarget.o [2]
  .text              ro code       0x116c    0x48  retarget.o [2]
  .text              ro code       0x11b4    0x40  startup_M031Series.o [1]
  .text              ro code       0x11f4    0x3c  zero_init3.o [5]
  .rodata            const         0x1230    0x30  main.o [3]
  .rodata            const         0x1260    0x2c  main.o [3]
  .text              ro code       0x128c    0x28  data_init.o [5]
  .rodata            const         0x12b4    0x24  main.o [3]
  .iar.init_table    const         0x12d8    0x20  - Linker created -
  .rodata            const         0x12f8    0x20  system_M031Series.o [1]
  .text              ro code       0x1318    0x1e  cmain.o [5]
  .text              ro code       0x1336     0x8  exit.o [4]
  .text              ro code       0x1340     0xa  cexit.o [5]
  .text              ro code       0x134c    0x14  exit.o [6]
  .text              ro code       0x1360    0x1c  cstartup_M.o [5]
  .text              ro code       0x137c    0x1c  xsnprout.o [4]
  .rodata            const         0x1398    0x18  main.o [3]
  .rodata            const         0x13b0    0x18  main.o [3]
  .rodata            const         0x13c8    0x18  uart.o [2]
  .text              ro code       0x13e0    0x16  xprout.o [4]
  .text              ro code       0x13f8    0x10  putchar.o [4]
  .text              ro code       0x1408    0x14  startup_M031Series.o [1]
  .rodata            const         0x141c    0x10  clk.o [2]
  .rodata            const         0x142c    0x10  clk.o [2]
  .rodata            const         0x143c    0x10  main.o [3]
  .rodata            const         0x144c    0x10  retarget.o [2]
  .text              ro code       0x145c    0x10  startup_M031Series.o [1]
  .rodata            const         0x146c     0xc  clk.o [2]
  .rodata            const         0x1478     0xc  retarget.o [2]
  .rodata            const         0x1484     0xc  retarget.o [2]
  .rodata            const         0x1490     0xc  retarget.o [2]
  .rodata            const         0x149c     0xc  retarget.o [2]
  .rodata            const         0x14a8     0xc  retarget.o [2]
  .rodata            const         0x14b4     0xc  retarget.o [2]
  .rodata            const         0x14c0     0xc  retarget.o [2]
  .rodata            const         0x14cc     0xc  retarget.o [2]
  .rodata            const         0x14d8     0x4  system_M031Series.o [1]
  .rodata            const         0x14dc     0x4  uart.o [2]
  .text              ro code       0x14e0     0x2  startup_M031Series.o [1]
  .rodata            const         0x14e2     0x0  zero_init3.o [5]
  .rodata            const         0x14e2     0x0  packbits_init_single.o [5]
  Initializer bytes  const         0x14e2    0x39  <for P2-1>
                                 - 0x151b  0x145b

"P2", part 1 of 3:                           0x59
  P2-1                        0x2000'0000    0x59  <Init block>
    .data            inited   0x2000'0000     0x4  retarget.o [2]
    .data            inited   0x2000'0004     0x4  system_M031Series.o [1]
    .data            inited   0x2000'0008     0x4  system_M031Series.o [1]
    .data            inited   0x2000'000c     0x4  system_M031Series.o [1]
    .data            inited   0x2000'0010    0x48  xfiles.o [4]
    .data            inited   0x2000'0058     0x1  main.o [3]
                            - 0x2000'0059    0x59

"P2", part 2 of 3:                          0x128
  .bss               zero     0x2000'005c    0x80  main.o [3]
  .bss               zero     0x2000'00dc    0x50  xfiles.o [4]
  .bss               zero     0x2000'012c    0x40  main.o [3]
  .bss               zero     0x2000'016c     0xc  pdma.o [2]
  .bss               zero     0x2000'0178     0x4  clk.o [2]
  .bss               zero     0x2000'017c     0x4  main.o [3]
  .bss               zero     0x2000'0180     0x1  main.o [3]
  .bss               zero     0x2000'0181     0x1  main.o [3]
                            - 0x2000'0182   0x126

"P2", part 3 of 3:                          0x200
  CSTACK                      0x2000'0188   0x200  <Block>
    CSTACK           uninit   0x2000'0188   0x200  <Block tail>
                            - 0x2000'0388   0x200

Unused ranges:

         From           To    Size
         ----           --    ----
       0x151b     0x1'0000  0xeae6
  0x2000'0059  0x2000'005b     0x3
  0x2000'0184  0x2000'0187     0x4
  0x2000'0388  0x2000'1fff  0x1c78


*******************************************************************************
*** INIT TABLE
***

          Address      Size
          -------      ----
Zero (__iar_zero_init3)
    1 destination range, total size 0x126:
          0x2000'005c  0x126

Copy/packbits (__iar_packbits_init_single3)
    1 source range, total size 0x39 (64% of destination):
               0x14e2   0x39
    1 destination range, total size 0x59:
          0x2000'0000   0x59



*******************************************************************************
*** MODULE SUMMARY
***

    Module                  ro code  ro data  rw data
    ------                  -------  -------  -------
command line/config:
    -------------------------------------------------
    Total:

D:\Embedded\Nuvoton\M031_Series_BSP_CMSIS_V3.07.000\SampleCode\uart-pdma\IAR\Release\Obj\CMSIS Files: [1]
    startup_M031Series.o        294
    system_M031Series.o         316       44       12
    -------------------------------------------------
    Total:                      610       44       12

D:\Embedded\Nuvoton\M031_Series_BSP_CMSIS_V3.07.000\SampleCode\uart-pdma\IAR\Release\Obj\Library Files: [2]
    clk.o                       464       44        4
    pdma.o                      752                12
    retarget.o                  256      114        4
    sys.o                        52
    uart.o                      632       28
    -------------------------------------------------
    Total:                    2'156      186       20

D:\Embedded\Nuvoton\M031_Series_BSP_CMSIS_V3.07.000\SampleCode\uart-pdma\IAR\Release\Obj\Source Files: [3]
    main.o                    1'076      193      199
    -------------------------------------------------
    Total:                    1'076      193      199

dl6M_tlf.a: [4]
    exit.o                        8
    printf.o                     40
    putchar.o                    16
    snprintf.o                   76
    xfiles.o                              46      152
    xprintftiny.o               372
    xprout.o                     22
    xsnprout.o                   28
    -------------------------------------------------
    Total:                      562       46      152

rt6M_tl.a: [5]
    ABImemcpy.o                  52
    I32DivModFast.o             174
    cexit.o                      10
    cmain.o                      30
    cstartup_M.o                 28
    data_init.o                  40
    packbits_init_single.o       62
    strlen.o                     14
    zero_init3.o                 60
    -------------------------------------------------
    Total:                      470

shb_l.a: [6]
    exit.o                       20
    -------------------------------------------------
    Total:                       20

    Gaps                          8
    Linker created                        32      512
-----------------------------------------------------
    Grand Total:              4'902      501      895


*******************************************************************************
*** ENTRY LIST
***

Entry                       Address   Size  Type      Object
-----                       -------   ----  ----      ------
.iar.init_table$$Base        0x12d8          --   Gb  - Linker created -
.iar.init_table$$Limit       0x12f8          --   Gb  - Linker created -
?main                        0x1319         Code  Gb  cmain.o [5]
CLK_EnableModuleClock         0x691   0x3e  Code  Gb  clk.o [2]
CLK_EnableXtalRC              0x681    0xc  Code  Gb  clk.o [2]
CLK_GetPCLK0Freq              0x569   0x16  Code  Gb  clk.o [2]
CLK_GetPCLK1Freq              0x57f   0x18  Code  Gb  clk.o [2]
CLK_GetPLLClockFreq           0x75f   0x64  Code  Lc  system_M031Series.o [1]
CLK_GetPLLClockFreq           0x8a9   0x64  Code  Lc  uart.o [2]
CLK_SetHCLK                   0x597   0x5e  Code  Gb  clk.o [2]
CLK_SetModuleClock            0x5f5   0x8a  Code  Gb  clk.o [2]
CLK_WaitClockReady            0x6ed   0x34  Code  Gb  clk.o [2]
CSTACK$$Base            0x2000'0188          --   Gb  - Linker created -
CSTACK$$Limit           0x2000'0388          --   Gb  - Linker created -
CyclesPerUs             0x2000'0008    0x4  Data  Gb  system_M031Series.o [1]
DumpStack                    0x10b5   0x46  Code  Lc  retarget.o [2]
NVIC_EnableIRQ                 0xc1    0xe  Code  Lc  main.o [3]
PDMA_DisableInt               0xdc7   0x4a  Code  Gb  pdma.o [2]
PDMA_EnableInt                0xd7d   0x4a  Code  Gb  pdma.o [2]
PDMA_EnableTimeout            0xcf3    0xc  Code  Gb  pdma.o [2]
PDMA_IRQHandler               0x411   0x92  Code  Gb  main.o [3]
PDMA_Init                     0x225   0xa2  Code  Lc  main.o [3]
PDMA_Open                     0xb21   0x32  Code  Gb  pdma.o [2]
PDMA_RX_Restart               0x2c7   0xaa  Code  Lc  main.o [3]
PDMA_SetBurstType             0xccd   0x26  Code  Gb  pdma.o [2]
PDMA_SetTimeOut               0xcff   0x58  Code  Gb  pdma.o [2]
PDMA_SetTransferAddr          0xb7d   0x3a  Code  Gb  pdma.o [2]
PDMA_SetTransferCnt           0xb53   0x2a  Code  Gb  pdma.o [2]
PDMA_SetTransferMode          0xbb7  0x116  Code  Gb  pdma.o [2]
PDMA_TX_Start                 0x37d   0x60  Code  Lc  main.o [3]
PllClock                0x2000'000c    0x4  Data  Gb  system_M031Series.o [1]
ProcessHardFault             0x116d   0x48  Code  Gb  retarget.o [2]
Region$$Table$$Base          0x12d8          --   Gb  - Linker created -
Region$$Table$$Limit         0x12f8          --   Gb  - Linker created -
Reset_Handler                0x11b5         Code  Wk  startup_M031Series.o [1]
SH_Return                    0x10fb    0x6  Code  Gb  retarget.o [2]
SYS_Init                      0x1a9   0x54  Code  Lc  main.o [3]
SYS_LockReg                    0xed    0x8  Code  Lc  main.o [3]
SYS_LockReg                   0x757    0x8  Code  Lc  system_M031Series.o [1]
SYS_ResetModule               0x875   0x2e  Code  Gb  sys.o [2]
SYS_UnlockReg                  0xcf   0x1e  Code  Lc  main.o [3]
SYS_UnlockReg                 0x739   0x1e  Code  Lc  system_M031Series.o [1]
SendChar                     0x1161    0xc  Code  Gb  retarget.o [2]
SendChar_ToUART              0x1101   0x26  Code  Gb  retarget.o [2]
SystemCoreClock         0x2000'0004    0x4  Data  Gb  system_M031Series.o [1]
SystemCoreClockUpdate         0x7c3   0x4e  Code  Gb  system_M031Series.o [1]
SystemInit                    0x811   0x26  Code  Gb  system_M031Series.o [1]
UART0_Init                    0x1fd   0x14  Code  Lc  main.o [3]
UART1_Init                    0x211   0x14  Code  Lc  main.o [3]
UART_Open                     0x90d  0x1ca  Code  Gb  uart.o [2]
_PrintfTiny                   0xe2b  0x15a  Code  Gb  xprintftiny.o [4]
_Prout                       0x13e1   0x16  Code  Gb  xprout.o [4]
_SNProut                     0x137d   0x1c  Code  Gb  xsnprout.o [4]
__aeabi_memcpy4               0xf85         Code  Gb  ABImemcpy.o [5]
__aeabi_memcpy8               0xf85         Code  Gb  ABImemcpy.o [5]
__aeabi_uidiv                 0xfb9         Code  Gb  I32DivModFast.o [5]
__aeabi_uidivmod              0xfb9         Code  Gb  I32DivModFast.o [5]
__cmain                      0x1319         Code  Gb  cmain.o [5]
__exit                       0x134d   0x14  Code  Gb  exit.o [6]
__iar_Stdout            0x2000'0010   0x48  Data  Gb  xfiles.o [4]
__iar_data_init3             0x128d   0x28  Code  Gb  data_init.o [5]
__iar_packbits_init_single3
                             0x1067   0x3e  Code  Gb  packbits_init_single.o [5]
__iar_program_start          0x1361         Code  Gb  cstartup_M.o [5]
__iar_zero_init3             0x11f5   0x3c  Code  Gb  zero_init3.o [5]
__vector_table                  0x0         Data  Gb  startup_M031Series.o [1]
_call_main                   0x1325         Code  Gb  cmain.o [5]
_exit                        0x1341         Code  Gb  cexit.o [5]
exit                         0x1337    0x8  Code  Gb  exit.o [4]
fputc                        0x1151   0x10  Code  Gb  retarget.o [2]
g_CLK_i32ErrCode        0x2000'0178    0x4  Data  Gb  clk.o [2]
g_ICE_Conneced          0x2000'0000    0x4  Data  Lc  retarget.o [2]
g_u32RxLen              0x2000'017c    0x4  Data  Lc  main.o [3]
g_u8RxBuf               0x2000'012c   0x40  Data  Lc  main.o [3]
g_u8RxReady             0x2000'0180    0x1  Data  Lc  main.o [3]
g_u8TxBuf               0x2000'005c   0x80  Data  Lc  main.o [3]
g_u8TxDone              0x2000'0058    0x1  Data  Lc  main.o [3]
g_u8TxPending           0x2000'0181    0x1  Data  Lc  main.o [3]
gau32ClkSrcTbl               0x12f8   0x20  Data  Gb  system_M031Series.o [1]
main                           0xf5   0xb4  Code  Gb  main.o [3]
obuf                    0x2000'00dc   0x50  Data  Lc  xfiles.o [4]
out                           0xe11   0x1a  Code  Lc  xprintftiny.o [4]
printf                        0x4f5   0x28  Code  Gb  printf.o [4]
putchar                      0x13f9   0x10  Code  Gb  putchar.o [4]
snprintf                      0x51d   0x4c  Code  Gb  snprintf.o [4]
strlen                       0x10a5         Code  Gb  strlen.o [5]
u8ChSelect              0x2000'016c    0xc  Data  Lc  pdma.o [2]


[1] = D:\Embedded\Nuvoton\M031_Series_BSP_CMSIS_V3.07.000\SampleCode\uart-pdma\IAR\Release\Obj\CMSIS Files
[2] = D:\Embedded\Nuvoton\M031_Series_BSP_CMSIS_V3.07.000\SampleCode\uart-pdma\IAR\Release\Obj\Library Files
[3] = D:\Embedded\Nuvoton\M031_Series_BSP_CMSIS_V3.07.000\SampleCode\uart-pdma\IAR\Release\Obj\Source Files
[4] = dl6M_tlf.a
[5] = rt6M_tl.a
[6] = shb_l.a

  4'902 bytes of readonly  code memory
    501 bytes of readonly  data memory
    895 bytes of readwrite data memory

Errors: none
Warnings: none
