###############################################################################
#
# IAR ELF Linker V9.10.2.313/W64 for ARM                  25/Jul/2026  14:31:54
# Copyright 2007-2021 IAR Systems AB.
#
#    Output file  =
#        D:\Embedded\Nuvoton\M031_Series_BSP_CMSIS_V3.07.000\SampleCode\uart-pdma\IAR\Release\Exe\Template.out
#    Map file     =
#        D:\Embedded\Nuvoton\M031_Series_BSP_CMSIS_V3.07.000\SampleCode\uart-pdma\IAR\Release\List\Template.map
#    Command line =
#        -f
#        D:\Embedded\Nuvoton\M031_Series_BSP_CMSIS_V3.07.000\SampleCode\uart-pdma\IAR\Release\Exe\Template.out.rsp
#        ("D:\Embedded\Nuvoton\M031_Series_BSP_CMSIS_V3.07.000\SampleCode\uart-pdma\IAR\Release\Obj\Library
#        Files\clk.o"
#        "D:\Embedded\Nuvoton\M031_Series_BSP_CMSIS_V3.07.000\SampleCode\uart-pdma\IAR\Release\Obj\Source
#        Files\main.o"
#        "D:\Embedded\Nuvoton\M031_Series_BSP_CMSIS_V3.07.000\SampleCode\uart-pdma\IAR\Release\Obj\Library
#        Files\pdma.o"
#        "D:\Embedded\Nuvoton\M031_Series_BSP_CMSIS_V3.07.000\SampleCode\uart-pdma\IAR\Release\Obj\Library
#        Files\retarget.o"
#        "D:\Embedded\Nuvoton\M031_Series_BSP_CMSIS_V3.07.000\SampleCode\uart-pdma\IAR\Release\Obj\CMSIS
#        Files\startup_M031Series.o"
#        "D:\Embedded\Nuvoton\M031_Series_BSP_CMSIS_V3.07.000\SampleCode\uart-pdma\IAR\Release\Obj\Library
#        Files\sys.o"
#        "D:\Embedded\Nuvoton\M031_Series_BSP_CMSIS_V3.07.000\SampleCode\uart-pdma\IAR\Release\Obj\CMSIS
#        Files\system_M031Series.o"
#        "D:\Embedded\Nuvoton\M031_Series_BSP_CMSIS_V3.07.000\SampleCode\uart-pdma\IAR\Release\Obj\Library
#        Files\uart.o" --redirect _Printf=_PrintfTiny --no_out_extension -o
#        D:\Embedded\Nuvoton\M031_Series_BSP_CMSIS_V3.07.000\SampleCode\uart-pdma\IAR\Release\Exe\Template.out
#        --map
#        D:\Embedded\Nuvoton\M031_Series_BSP_CMSIS_V3.07.000\SampleCode\uart-pdma\IAR\Release\List\Template.map
#        --config
#        D:\Embedded\Nuvoton\M031_Series_BSP_CMSIS_V3.07.000\SampleCode\uart-pdma\IAR\..\..\..\SampleCode\Template\IAR\Template.icf
#        --semihosting --entry Reset_Handler --inline --vfe --text_out locale)
#
###############################################################################

*******************************************************************************
*** RUNTIME MODEL ATTRIBUTES
***

CppFlavor       = *
__SystemLibrary = DLib
__dlib_version  = 6


*******************************************************************************
*** HEAP SELECTION
***

The basic heap was selected because no calls to memory allocation
functions were found in the application outside of system library
functions, and there are calls to deallocation functions in the
application.


*******************************************************************************
*** PLACEMENT SUMMARY
***

"A0":  place at address 0x0 { ro section .intvec };
"P1":  place in [from 0x0 to 0x1'0000] { ro };
define block CSTACK with size = 512, alignment = 8 { };
define block HEAP with size = 0, alignment = 8 { };
"P2":  place in [from 0x2000'0000 to 0x2000'1fff] {
          rw, block CSTACK, block HEAP };
initialize by copy { rw };

  Section            Kind         Address    Size  Object
  -------            ----         -------    ----  ------
"A0":                                        0xc0
  .intvec            ro code          0x0    0xc0  startup_M031Series.o [1]
                                   - 0xc0    0xc0

"P1":                                      0x12f9
  .text              ro code         0xc0   0x354  main.o [3]
  .text              ro code        0x414    0x28  printf.o [4]
  .text              ro code        0x43c   0x1d0  clk.o [2]
  .text              ro code        0x60c   0x13c  system_M031Series.o [1]
  .text              ro code        0x748    0x34  sys.o [2]
  .text              ro code        0x77c   0x278  uart.o [2]
  .text              ro code        0x9f4   0x2f0  pdma.o [2]
  .text              ro code        0xce4   0x174  xprintftiny.o [4]
  .text              ro code        0xe58    0x34  ABImemcpy.o [5]
  .text              ro code        0xe8c    0xae  I32DivModFast.o [5]
  .text              ro code        0xf3a    0x3e  packbits_init_single.o [5]
  .text              ro code        0xf78     0xe  strlen.o [5]
  .text              ro code        0xf88    0xac  retarget.o [2]
  .text              ro code       0x1034     0xc  retarget.o [2]
  .text              ro code       0x1040    0x48  retarget.o [2]
  .text              ro code       0x1088    0x40  startup_M031Series.o [1]
  .rodata            const         0x10c8    0x3c  main.o [3]
  .text              ro code       0x1104    0x3c  zero_init3.o [5]
  .rodata            const         0x1140    0x34  main.o [3]
  .text              ro code       0x1174    0x28  data_init.o [5]
  .iar.init_table    const         0x119c    0x20  - Linker created -
  .rodata            const         0x11bc    0x20  system_M031Series.o [1]
  .text              ro code       0x11dc    0x1e  cmain.o [5]
  .text              ro code       0x11fa     0x8  exit.o [4]
  .text              ro code       0x1204     0xa  cexit.o [5]
  .text              ro code       0x1210    0x14  exit.o [6]
  .text              ro code       0x1224    0x1c  cstartup_M.o [5]
  .rodata            const         0x1240    0x18  main.o [3]
  .rodata            const         0x1258    0x18  uart.o [2]
  .text              ro code       0x1270    0x16  xprout.o [4]
  .text              ro code       0x1288    0x10  putchar.o [4]
  .text              ro code       0x1298    0x14  startup_M031Series.o [1]
  .rodata            const         0x12ac    0x10  clk.o [2]
  .rodata            const         0x12bc    0x10  clk.o [2]
  .rodata            const         0x12cc    0x10  main.o [3]
  .rodata            const         0x12dc    0x10  main.o [3]
  .rodata            const         0x12ec    0x10  retarget.o [2]
  .text              ro code       0x12fc    0x10  startup_M031Series.o [1]
  .rodata            const         0x130c     0xc  clk.o [2]
  .rodata            const         0x1318     0xc  retarget.o [2]
  .rodata            const         0x1324     0xc  retarget.o [2]
  .rodata            const         0x1330     0xc  retarget.o [2]
  .rodata            const         0x133c     0xc  retarget.o [2]
  .rodata            const         0x1348     0xc  retarget.o [2]
  .rodata            const         0x1354     0xc  retarget.o [2]
  .rodata            const         0x1360     0xc  retarget.o [2]
  .rodata            const         0x136c     0xc  retarget.o [2]
  .rodata            const         0x1378     0x4  system_M031Series.o [1]
  .rodata            const         0x137c     0x4  uart.o [2]
  .text              ro code       0x1380     0x2  startup_M031Series.o [1]
  .rodata            const         0x1382     0x0  zero_init3.o [5]
  .rodata            const         0x1382     0x0  packbits_init_single.o [5]
  Initializer bytes  const         0x1382    0x37  <for P2-1>
                                 - 0x13b9  0x12f9

"P2", part 1 of 3:                           0x58
  P2-1                        0x2000'0000    0x58  <Init block>
    .data            inited   0x2000'0000     0x4  retarget.o [2]
    .data            inited   0x2000'0004     0x4  system_M031Series.o [1]
    .data            inited   0x2000'0008     0x4  system_M031Series.o [1]
    .data            inited   0x2000'000c     0x4  system_M031Series.o [1]
    .data            inited   0x2000'0010    0x48  xfiles.o [4]
                            - 0x2000'0058    0x58

"P2", part 2 of 3:                           0xa8
  .bss               zero     0x2000'0058    0x50  xfiles.o [4]
  .bss               zero     0x2000'00a8    0x40  main.o [3]
  .bss               zero     0x2000'00e8     0xc  pdma.o [2]
  .bss               zero     0x2000'00f4     0x4  clk.o [2]
  .bss               zero     0x2000'00f8     0x4  main.o [3]
  .bss               zero     0x2000'00fc     0x1  main.o [3]
                            - 0x2000'00fd    0xa5

"P2", part 3 of 3:                          0x200
  CSTACK                      0x2000'0100   0x200  <Block>
    CSTACK           uninit   0x2000'0100   0x200  <Block tail>
                            - 0x2000'0300   0x200

Unused ranges:

         From           To    Size
         ----           --    ----
       0x13b9     0x1'0000  0xec48
  0x2000'0300  0x2000'1fff  0x1d00


*******************************************************************************
*** INIT TABLE
***

          Address      Size
          -------      ----
Zero (__iar_zero_init3)
    1 destination range, total size 0xa5:
          0x2000'0058  0xa5

Copy/packbits (__iar_packbits_init_single3)
    1 source range, total size 0x37 (62% of destination):
               0x1382  0x37
    1 destination range, total size 0x58:
          0x2000'0000  0x58



*******************************************************************************
*** MODULE SUMMARY
***

    Module                  ro code  ro data  rw data
    ------                  -------  -------  -------
command line/config:
    -------------------------------------------------
    Total:

D:\Embedded\Nuvoton\M031_Series_BSP_CMSIS_V3.07.000\SampleCode\uart-pdma\IAR\Release\Obj\CMSIS Files: [1]
    startup_M031Series.o        294
    system_M031Series.o         316       44       12
    -------------------------------------------------
    Total:                      610       44       12

D:\Embedded\Nuvoton\M031_Series_BSP_CMSIS_V3.07.000\SampleCode\uart-pdma\IAR\Release\Obj\Library Files: [2]
    clk.o                       464       44        4
    pdma.o                      752                12
    retarget.o                  256      114        4
    sys.o                        52
    uart.o                      632       28
    -------------------------------------------------
    Total:                    2'156      186       20

D:\Embedded\Nuvoton\M031_Series_BSP_CMSIS_V3.07.000\SampleCode\uart-pdma\IAR\Release\Obj\Source Files: [3]
    main.o                      852      168       69
    -------------------------------------------------
    Total:                      852      168       69

dl6M_tlf.a: [4]
    exit.o                        8
    printf.o                     40
    putchar.o                    16
    xfiles.o                              45      152
    xprintftiny.o               372
    xprout.o                     22
    -------------------------------------------------
    Total:                      458       45      152

rt6M_tl.a: [5]
    ABImemcpy.o                  52
    I32DivModFast.o             174
    cexit.o                      10
    cmain.o                      30
    cstartup_M.o                 28
    data_init.o                  40
    packbits_init_single.o       62
    strlen.o                     14
    zero_init3.o                 60
    -------------------------------------------------
    Total:                      470

shb_l.a: [6]
    exit.o                       20
    -------------------------------------------------
    Total:                       20

    Gaps                          8
    Linker created                        32      512
-----------------------------------------------------
    Grand Total:              4'574      475      765


*******************************************************************************
*** ENTRY LIST
***

Entry                       Address   Size  Type      Object
-----                       -------   ----  ----      ------
.iar.init_table$$Base        0x119c          --   Gb  - Linker created -
.iar.init_table$$Limit       0x11bc          --   Gb  - Linker created -
?main                        0x11dd         Code  Gb  cmain.o [5]
CLK_EnableModuleClock         0x565   0x3e  Code  Gb  clk.o [2]
CLK_EnableXtalRC              0x555    0xc  Code  Gb  clk.o [2]
CLK_GetPCLK0Freq              0x43d   0x16  Code  Gb  clk.o [2]
CLK_GetPCLK1Freq              0x453   0x18  Code  Gb  clk.o [2]
CLK_GetPLLClockFreq           0x633   0x64  Code  Lc  system_M031Series.o [1]
CLK_GetPLLClockFreq           0x77d   0x64  Code  Lc  uart.o [2]
CLK_SetHCLK                   0x46b   0x5e  Code  Gb  clk.o [2]
CLK_SetModuleClock            0x4c9   0x8a  Code  Gb  clk.o [2]
CLK_WaitClockReady            0x5c1   0x34  Code  Gb  clk.o [2]
CSTACK$$Base            0x2000'0100          --   Gb  - Linker created -
CSTACK$$Limit           0x2000'0300          --   Gb  - Linker created -
CyclesPerUs             0x2000'0008    0x4  Data  Gb  system_M031Series.o [1]
DumpStack                     0xf89   0x46  Code  Lc  retarget.o [2]
NVIC_EnableIRQ                 0xc1    0xe  Code  Lc  main.o [3]
PDMA_DisableInt               0xc9b   0x4a  Code  Gb  pdma.o [2]
PDMA_EnableInt                0xc51   0x4a  Code  Gb  pdma.o [2]
PDMA_EnableTimeout            0xbc7    0xc  Code  Gb  pdma.o [2]
PDMA_IRQHandler               0x349   0x5a  Code  Gb  main.o [3]
PDMA_Init                     0x1fb   0x98  Code  Lc  main.o [3]
PDMA_Open                     0x9f5   0x32  Code  Gb  pdma.o [2]
PDMA_ReRX                     0x293   0xaa  Code  Lc  main.o [3]
PDMA_SetBurstType             0xba1   0x26  Code  Gb  pdma.o [2]
PDMA_SetTimeOut               0xbd3   0x58  Code  Gb  pdma.o [2]
PDMA_SetTransferAddr          0xa51   0x3a  Code  Gb  pdma.o [2]
PDMA_SetTransferCnt           0xa27   0x2a  Code  Gb  pdma.o [2]
PDMA_SetTransferMode          0xa8b  0x116  Code  Gb  pdma.o [2]
PllClock                0x2000'000c    0x4  Data  Gb  system_M031Series.o [1]
ProcessHardFault             0x1041   0x48  Code  Gb  retarget.o [2]
Region$$Table$$Base          0x119c          --   Gb  - Linker created -
Region$$Table$$Limit         0x11bc          --   Gb  - Linker created -
Reset_Handler                0x1089         Code  Wk  startup_M031Series.o [1]
SH_Return                     0xfcf    0x6  Code  Gb  retarget.o [2]
SYS_Init                      0x17f   0x54  Code  Lc  main.o [3]
SYS_LockReg                    0xed    0x8  Code  Lc  main.o [3]
SYS_LockReg                   0x62b    0x8  Code  Lc  system_M031Series.o [1]
SYS_ResetModule               0x749   0x2e  Code  Gb  sys.o [2]
SYS_UnlockReg                  0xcf   0x1e  Code  Lc  main.o [3]
SYS_UnlockReg                 0x60d   0x1e  Code  Lc  system_M031Series.o [1]
SendChar                     0x1035    0xc  Code  Gb  retarget.o [2]
SendChar_ToUART               0xfd5   0x26  Code  Gb  retarget.o [2]
SystemCoreClock         0x2000'0004    0x4  Data  Gb  system_M031Series.o [1]
SystemCoreClockUpdate         0x697   0x4e  Code  Gb  system_M031Series.o [1]
SystemInit                    0x6e5   0x26  Code  Gb  system_M031Series.o [1]
UART0_Init                    0x1d3   0x14  Code  Lc  main.o [3]
UART1_Init                    0x1e7   0x14  Code  Lc  main.o [3]
UART_Open                     0x7e1  0x1ca  Code  Gb  uart.o [2]
_PrintfTiny                   0xcff  0x15a  Code  Gb  xprintftiny.o [4]
_Prout                       0x1271   0x16  Code  Gb  xprout.o [4]
__aeabi_memcpy4               0xe59         Code  Gb  ABImemcpy.o [5]
__aeabi_memcpy8               0xe59         Code  Gb  ABImemcpy.o [5]
__aeabi_uidiv                 0xe8d         Code  Gb  I32DivModFast.o [5]
__aeabi_uidivmod              0xe8d         Code  Gb  I32DivModFast.o [5]
__cmain                      0x11dd         Code  Gb  cmain.o [5]
__exit                       0x1211   0x14  Code  Gb  exit.o [6]
__iar_Stdout            0x2000'0010   0x48  Data  Gb  xfiles.o [4]
__iar_data_init3             0x1175   0x28  Code  Gb  data_init.o [5]
__iar_packbits_init_single3
                              0xf3b   0x3e  Code  Gb  packbits_init_single.o [5]
__iar_program_start          0x1225         Code  Gb  cstartup_M.o [5]
__iar_zero_init3             0x1105   0x3c  Code  Gb  zero_init3.o [5]
__vector_table                  0x0         Data  Gb  startup_M031Series.o [1]
_call_main                   0x11e9         Code  Gb  cmain.o [5]
_exit                        0x1205         Code  Gb  cexit.o [5]
exit                         0x11fb    0x8  Code  Gb  exit.o [4]
fputc                        0x1025   0x10  Code  Gb  retarget.o [2]
g_CLK_i32ErrCode        0x2000'00f4    0x4  Data  Gb  clk.o [2]
g_ICE_Conneced          0x2000'0000    0x4  Data  Lc  retarget.o [2]
g_u32RxLen              0x2000'00f8    0x4  Data  Lc  main.o [3]
g_u8RxBuf               0x2000'00a8   0x40  Data  Lc  main.o [3]
g_u8RxReady             0x2000'00fc    0x1  Data  Lc  main.o [3]
gau32ClkSrcTbl               0x11bc   0x20  Data  Gb  system_M031Series.o [1]
main                           0xf5   0x8a  Code  Gb  main.o [3]
obuf                    0x2000'0058   0x50  Data  Lc  xfiles.o [4]
out                           0xce5   0x1a  Code  Lc  xprintftiny.o [4]
printf                        0x415   0x28  Code  Gb  printf.o [4]
putchar                      0x1289   0x10  Code  Gb  putchar.o [4]
strlen                        0xf79         Code  Gb  strlen.o [5]
u8ChSelect              0x2000'00e8    0xc  Data  Lc  pdma.o [2]


[1] = D:\Embedded\Nuvoton\M031_Series_BSP_CMSIS_V3.07.000\SampleCode\uart-pdma\IAR\Release\Obj\CMSIS Files
[2] = D:\Embedded\Nuvoton\M031_Series_BSP_CMSIS_V3.07.000\SampleCode\uart-pdma\IAR\Release\Obj\Library Files
[3] = D:\Embedded\Nuvoton\M031_Series_BSP_CMSIS_V3.07.000\SampleCode\uart-pdma\IAR\Release\Obj\Source Files
[4] = dl6M_tlf.a
[5] = rt6M_tl.a
[6] = shb_l.a

  4'574 bytes of readonly  code memory
    475 bytes of readonly  data memory
    765 bytes of readwrite data memory

Errors: none
Warnings: none
