###############################################################################
#
# IAR ELF Linker V9.10.2.313/W64 for ARM                  25/Jul/2026  15:31:38
# Copyright 2007-2021 IAR Systems AB.
#
#    Output file  =
#        D:\Embedded\Nuvoton\M031_Series_BSP_CMSIS_V3.07.000\SampleCode\uart-pdma\IAR\Release\Exe\Template.out
#    Map file     =
#        D:\Embedded\Nuvoton\M031_Series_BSP_CMSIS_V3.07.000\SampleCode\uart-pdma\IAR\Release\List\Template.map
#    Command line =
#        -f
#        D:\Embedded\Nuvoton\M031_Series_BSP_CMSIS_V3.07.000\SampleCode\uart-pdma\IAR\Release\Exe\Template.out.rsp
#        ("D:\Embedded\Nuvoton\M031_Series_BSP_CMSIS_V3.07.000\SampleCode\uart-pdma\IAR\Release\Obj\Library
#        Files\clk.o"
#        "D:\Embedded\Nuvoton\M031_Series_BSP_CMSIS_V3.07.000\SampleCode\uart-pdma\IAR\Release\Obj\Source
#        Files\main.o"
#        "D:\Embedded\Nuvoton\M031_Series_BSP_CMSIS_V3.07.000\SampleCode\uart-pdma\IAR\Release\Obj\Library
#        Files\pdma.o"
#        "D:\Embedded\Nuvoton\M031_Series_BSP_CMSIS_V3.07.000\SampleCode\uart-pdma\IAR\Release\Obj\Library
#        Files\retarget.o"
#        "D:\Embedded\Nuvoton\M031_Series_BSP_CMSIS_V3.07.000\SampleCode\uart-pdma\IAR\Release\Obj\CMSIS
#        Files\startup_M031Series.o"
#        "D:\Embedded\Nuvoton\M031_Series_BSP_CMSIS_V3.07.000\SampleCode\uart-pdma\IAR\Release\Obj\Library
#        Files\sys.o"
#        "D:\Embedded\Nuvoton\M031_Series_BSP_CMSIS_V3.07.000\SampleCode\uart-pdma\IAR\Release\Obj\CMSIS
#        Files\system_M031Series.o"
#        "D:\Embedded\Nuvoton\M031_Series_BSP_CMSIS_V3.07.000\SampleCode\uart-pdma\IAR\Release\Obj\Library
#        Files\uart.o" --redirect _Printf=_PrintfTiny --no_out_extension -o
#        D:\Embedded\Nuvoton\M031_Series_BSP_CMSIS_V3.07.000\SampleCode\uart-pdma\IAR\Release\Exe\Template.out
#        --map
#        D:\Embedded\Nuvoton\M031_Series_BSP_CMSIS_V3.07.000\SampleCode\uart-pdma\IAR\Release\List\Template.map
#        --config
#        D:\Embedded\Nuvoton\M031_Series_BSP_CMSIS_V3.07.000\SampleCode\uart-pdma\IAR\..\..\..\SampleCode\Template\IAR\Template.icf
#        --semihosting --entry Reset_Handler --inline --vfe --text_out locale)
#
###############################################################################

*******************************************************************************
*** RUNTIME MODEL ATTRIBUTES
***

CppFlavor       = *
__SystemLibrary = DLib
__dlib_version  = 6


*******************************************************************************
*** HEAP SELECTION
***

The basic heap was selected because no calls to memory allocation
functions were found in the application outside of system library
functions, and there are calls to deallocation functions in the
application.


*******************************************************************************
*** PLACEMENT SUMMARY
***

"A0":  place at address 0x0 { ro section .intvec };
"P1":  place in [from 0x0 to 0x1'0000] { ro };
define block CSTACK with size = 512, alignment = 8 { };
define block HEAP with size = 0, alignment = 8 { };
"P2":  place in [from 0x2000'0000 to 0x2000'1fff] {
          rw, block CSTACK, block HEAP };
initialize by copy { rw };

  Section            Kind         Address    Size  Object
  -------            ----         -------    ----  ------
"A0":                                        0xc0
  .intvec            ro code          0x0    0xc0  startup_M031Series.o [1]
                                   - 0xc0    0xc0

"P1":                                      0x129f
  .text              ro code         0xc0   0x35c  main.o [3]
  .text              ro code        0x41c    0xae  I32DivModFast.o [5]
  .text              ro code        0x4ca    0x3e  packbits_init_single.o [5]
  .text              ro code        0x508    0x28  printf.o [4]
  .text              ro code        0x530    0x4c  snprintf.o [4]
  .text              ro code        0x57c   0x1d0  clk.o [2]
  .text              ro code        0x74c   0x13c  system_M031Series.o [1]
  .text              ro code        0x888    0x34  sys.o [2]
  .text              ro code        0x8bc   0x278  uart.o [2]
  .text              ro code        0xb34   0x23e  pdma.o [2]
  .text              ro code        0xd72   0x174  xprintftiny.o [4]
  .text              ro code        0xee8    0x34  ABImemcpy.o [5]
  .text              ro code        0xf1c     0xe  strlen.o [5]
  .text              ro code        0xf2c    0xac  retarget.o [2]
  .text              ro code        0xfd8     0xc  retarget.o [2]
  .text              ro code        0xfe4    0x48  retarget.o [2]
  .text              ro code       0x102c    0x40  startup_M031Series.o [1]
  .text              ro code       0x106c    0x3c  zero_init3.o [5]
  .rodata            const         0x10a8    0x28  main.o [3]
  .rodata            const         0x10d0    0x28  main.o [3]
  .text              ro code       0x10f8    0x28  data_init.o [5]
  .iar.init_table    const         0x1120    0x20  - Linker created -
  .rodata            const         0x1140    0x20  main.o [3]
  .rodata            const         0x1160    0x20  system_M031Series.o [1]
  .text              ro code       0x1180    0x1e  cmain.o [5]
  .text              ro code       0x119e     0x8  exit.o [4]
  .text              ro code       0x11a8     0xa  cexit.o [5]
  .text              ro code       0x11b4    0x14  exit.o [6]
  .text              ro code       0x11c8    0x1c  cstartup_M.o [5]
  .text              ro code       0x11e4    0x1c  xsnprout.o [4]
  .rodata            const         0x1200    0x18  uart.o [2]
  .text              ro code       0x1218    0x16  xprout.o [4]
  .text              ro code       0x1230    0x10  putchar.o [4]
  .text              ro code       0x1240    0x14  startup_M031Series.o [1]
  .rodata            const         0x1254    0x10  clk.o [2]
  .rodata            const         0x1264    0x10  clk.o [2]
  .rodata            const         0x1274    0x10  main.o [3]
  .rodata            const         0x1284    0x10  retarget.o [2]
  .text              ro code       0x1294    0x10  startup_M031Series.o [1]
  .rodata            const         0x12a4     0xc  clk.o [2]
  .rodata            const         0x12b0     0xc  main.o [3]
  .rodata            const         0x12bc     0xc  retarget.o [2]
  .rodata            const         0x12c8     0xc  retarget.o [2]
  .rodata            const         0x12d4     0xc  retarget.o [2]
  .rodata            const         0x12e0     0xc  retarget.o [2]
  .rodata            const         0x12ec     0xc  retarget.o [2]
  .rodata            const         0x12f8     0xc  retarget.o [2]
  .rodata            const         0x1304     0xc  retarget.o [2]
  .rodata            const         0x1310     0xc  retarget.o [2]
  .rodata            const         0x131c     0x4  system_M031Series.o [1]
  .rodata            const         0x1320     0x4  uart.o [2]
  .text              ro code       0x1324     0x2  startup_M031Series.o [1]
  .rodata            const         0x1326     0x0  zero_init3.o [5]
  .rodata            const         0x1326     0x0  packbits_init_single.o [5]
  Initializer bytes  const         0x1326    0x39  <for P2-1>
                                 - 0x135f  0x129f

"P2", part 1 of 3:                           0x59
  P2-1                        0x2000'0000    0x59  <Init block>
    .data            inited   0x2000'0000     0x4  retarget.o [2]
    .data            inited   0x2000'0004     0x4  system_M031Series.o [1]
    .data            inited   0x2000'0008     0x4  system_M031Series.o [1]
    .data            inited   0x2000'000c     0x4  system_M031Series.o [1]
    .data            inited   0x2000'0010    0x48  xfiles.o [4]
    .data            inited   0x2000'0058     0x1  main.o [3]
                            - 0x2000'0059    0x59

"P2", part 2 of 3:                           0xac
  .bss               zero     0x2000'005c    0x50  xfiles.o [4]
  .bss               zero     0x2000'00ac    0x40  main.o [3]
  .bss               zero     0x2000'00ec     0xc  pdma.o [2]
  .bss               zero     0x2000'00f8     0x4  clk.o [2]
  .bss               zero     0x2000'00fc     0x4  main.o [3]
  .bss               zero     0x2000'0100     0x4  main.o [3]
  .bss               zero     0x2000'0104     0x1  main.o [3]
                            - 0x2000'0105    0xa9

"P2", part 3 of 3:                          0x200
  CSTACK                      0x2000'0108   0x200  <Block>
    CSTACK           uninit   0x2000'0108   0x200  <Block tail>
                            - 0x2000'0308   0x200

Unused ranges:

         From           To    Size
         ----           --    ----
       0x135f     0x1'0000  0xeca2
  0x2000'0059  0x2000'005b     0x3
  0x2000'0308  0x2000'1fff  0x1cf8


*******************************************************************************
*** INIT TABLE
***

          Address      Size
          -------      ----
Zero (__iar_zero_init3)
    1 destination range, total size 0xa9:
          0x2000'005c  0xa9

Copy/packbits (__iar_packbits_init_single3)
    1 source range, total size 0x39 (64% of destination):
               0x1326  0x39
    1 destination range, total size 0x59:
          0x2000'0000  0x59



*******************************************************************************
*** MODULE SUMMARY
***

    Module                  ro code  ro data  rw data
    ------                  -------  -------  -------
command line/config:
    -------------------------------------------------
    Total:

D:\Embedded\Nuvoton\M031_Series_BSP_CMSIS_V3.07.000\SampleCode\uart-pdma\IAR\Release\Obj\CMSIS Files: [1]
    startup_M031Series.o        294
    system_M031Series.o         316       44       12
    -------------------------------------------------
    Total:                      610       44       12

D:\Embedded\Nuvoton\M031_Series_BSP_CMSIS_V3.07.000\SampleCode\uart-pdma\IAR\Release\Obj\Library Files: [2]
    clk.o                       464       44        4
    pdma.o                      574                12
    retarget.o                  256      114        4
    sys.o                        52
    uart.o                      632       28
    -------------------------------------------------
    Total:                    1'978      186       20

D:\Embedded\Nuvoton\M031_Series_BSP_CMSIS_V3.07.000\SampleCode\uart-pdma\IAR\Release\Obj\Source Files: [3]
    main.o                      860      141       74
    -------------------------------------------------
    Total:                      860      141       74

dl6M_tlf.a: [4]
    exit.o                        8
    printf.o                     40
    putchar.o                    16
    snprintf.o                   76
    xfiles.o                              46      152
    xprintftiny.o               372
    xprout.o                     22
    xsnprout.o                   28
    -------------------------------------------------
    Total:                      562       46      152

rt6M_tl.a: [5]
    ABImemcpy.o                  52
    I32DivModFast.o             174
    cexit.o                      10
    cmain.o                      30
    cstartup_M.o                 28
    data_init.o                  40
    packbits_init_single.o       62
    strlen.o                     14
    zero_init3.o                 60
    -------------------------------------------------
    Total:                      470

shb_l.a: [6]
    exit.o                       20
    -------------------------------------------------
    Total:                       20

    Gaps                         10
    Linker created                        32      512
-----------------------------------------------------
    Grand Total:              4'510      449      770


*******************************************************************************
*** ENTRY LIST
***

Entry                       Address   Size  Type      Object
-----                       -------   ----  ----      ------
.iar.init_table$$Base        0x1120          --   Gb  - Linker created -
.iar.init_table$$Limit       0x1140          --   Gb  - Linker created -
?main                        0x1181         Code  Gb  cmain.o [5]
CLK_EnableModuleClock         0x6a5   0x3e  Code  Gb  clk.o [2]
CLK_EnableXtalRC              0x695    0xc  Code  Gb  clk.o [2]
CLK_GetPCLK0Freq              0x57d   0x16  Code  Gb  clk.o [2]
CLK_GetPCLK1Freq              0x593   0x18  Code  Gb  clk.o [2]
CLK_GetPLLClockFreq           0x773   0x64  Code  Lc  system_M031Series.o [1]
CLK_GetPLLClockFreq           0x8bd   0x64  Code  Lc  uart.o [2]
CLK_SetHCLK                   0x5ab   0x5e  Code  Gb  clk.o [2]
CLK_SetModuleClock            0x609   0x8a  Code  Gb  clk.o [2]
CLK_WaitClockReady            0x701   0x34  Code  Gb  clk.o [2]
CSTACK$$Base            0x2000'0108          --   Gb  - Linker created -
CSTACK$$Limit           0x2000'0308          --   Gb  - Linker created -
CyclesPerUs             0x2000'0008    0x4  Data  Gb  system_M031Series.o [1]
DumpStack                     0xf2d   0x46  Code  Lc  retarget.o [2]
NVIC_EnableIRQ                 0xc1    0xe  Code  Lc  main.o [3]
NVIC_SetPriority               0xcf   0x8e  Code  Lc  main.o [3]
PDMA_EnableInt                0xd29   0x4a  Code  Gb  pdma.o [2]
PDMA_IRQHandler               0x33d   0x38  Code  Gb  main.o [3]
PDMA_Open                     0xb35   0x32  Code  Gb  pdma.o [2]
PDMA_SetBurstType             0xce1   0x26  Code  Gb  pdma.o [2]
PDMA_SetTransferAddr          0xb91   0x3a  Code  Gb  pdma.o [2]
PDMA_SetTransferCnt           0xb67   0x2a  Code  Gb  pdma.o [2]
PDMA_SetTransferMode          0xbcb  0x116  Code  Gb  pdma.o [2]
PDMA_TX_Init                  0x2b5   0x22  Code  Lc  main.o [3]
PDMA_TX_Start                 0x2d7   0x60  Code  Lc  main.o [3]
PllClock                0x2000'000c    0x4  Data  Gb  system_M031Series.o [1]
ProcessHardFault              0xfe5   0x48  Code  Gb  retarget.o [2]
Region$$Table$$Base          0x1120          --   Gb  - Linker created -
Region$$Table$$Limit         0x1140          --   Gb  - Linker created -
Reset_Handler                0x102d         Code  Wk  startup_M031Series.o [1]
SH_Return                     0xf73    0x6  Code  Gb  retarget.o [2]
SYS_Init                      0x239   0x54  Code  Lc  main.o [3]
SYS_LockReg                   0x1ad    0x8  Code  Lc  main.o [3]
SYS_LockReg                   0x76b    0x8  Code  Lc  system_M031Series.o [1]
SYS_ResetModule               0x889   0x2e  Code  Gb  sys.o [2]
SYS_UnlockReg                 0x18f   0x1e  Code  Lc  main.o [3]
SYS_UnlockReg                 0x74d   0x1e  Code  Lc  system_M031Series.o [1]
SendChar                      0xfd9    0xc  Code  Gb  retarget.o [2]
SendChar_ToUART               0xf79   0x26  Code  Gb  retarget.o [2]
SysTick_Config                0x15d   0x32  Code  Lc  main.o [3]
SysTick_Handler               0x375   0x26  Code  Gb  main.o [3]
SysTick_Handler::clkCount
                        0x2000'0100    0x4  Data  Lc  main.o [3]
SystemCoreClock         0x2000'0004    0x4  Data  Gb  system_M031Series.o [1]
SystemCoreClockUpdate         0x7d7   0x4e  Code  Gb  system_M031Series.o [1]
SystemInit                    0x825   0x26  Code  Gb  system_M031Series.o [1]
UART0_Init                    0x28d   0x14  Code  Lc  main.o [3]
UART1_Init                    0x2a1   0x14  Code  Lc  main.o [3]
UART_Open                     0x921  0x1ca  Code  Gb  uart.o [2]
_PrintfTiny                   0xd8d  0x15a  Code  Gb  xprintftiny.o [4]
_Prout                       0x1219   0x16  Code  Gb  xprout.o [4]
_SNProut                     0x11e5   0x1c  Code  Gb  xsnprout.o [4]
__aeabi_memcpy4               0xee9         Code  Gb  ABImemcpy.o [5]
__aeabi_memcpy8               0xee9         Code  Gb  ABImemcpy.o [5]
__aeabi_uidiv                 0x41d         Code  Gb  I32DivModFast.o [5]
__aeabi_uidivmod              0x41d         Code  Gb  I32DivModFast.o [5]
__cmain                      0x1181         Code  Gb  cmain.o [5]
__exit                       0x11b5   0x14  Code  Gb  exit.o [6]
__iar_Stdout            0x2000'0010   0x48  Data  Gb  xfiles.o [4]
__iar_data_init3             0x10f9   0x28  Code  Gb  data_init.o [5]
__iar_packbits_init_single3
                              0x4cb   0x3e  Code  Gb  packbits_init_single.o [5]
__iar_program_start          0x11c9         Code  Gb  cstartup_M.o [5]
__iar_zero_init3             0x106d   0x3c  Code  Gb  zero_init3.o [5]
__vector_table                  0x0         Data  Gb  startup_M031Series.o [1]
_call_main                   0x118d         Code  Gb  cmain.o [5]
_exit                        0x11a9         Code  Gb  cexit.o [5]
exit                         0x119f    0x8  Code  Gb  exit.o [4]
fputc                         0xfc9   0x10  Code  Gb  retarget.o [2]
g_CLK_i32ErrCode        0x2000'00f8    0x4  Data  Gb  clk.o [2]
g_ICE_Conneced          0x2000'0000    0x4  Data  Lc  retarget.o [2]
g_u32TxCount            0x2000'00fc    0x4  Data  Lc  main.o [3]
g_u8TxBuf               0x2000'00ac   0x40  Data  Lc  main.o [3]
g_u8TxDone              0x2000'0058    0x1  Data  Lc  main.o [3]
g_u8TxReady             0x2000'0104    0x1  Data  Lc  main.o [3]
gau32ClkSrcTbl               0x1160   0x20  Data  Gb  system_M031Series.o [1]
main                          0x1b5   0x84  Code  Gb  main.o [3]
obuf                    0x2000'005c   0x50  Data  Lc  xfiles.o [4]
out                           0xd73   0x1a  Code  Lc  xprintftiny.o [4]
printf                        0x509   0x28  Code  Gb  printf.o [4]
putchar                      0x1231   0x10  Code  Gb  putchar.o [4]
snprintf                      0x531   0x4c  Code  Gb  snprintf.o [4]
strlen                        0xf1d         Code  Gb  strlen.o [5]
u8ChSelect              0x2000'00ec    0xc  Data  Lc  pdma.o [2]


[1] = D:\Embedded\Nuvoton\M031_Series_BSP_CMSIS_V3.07.000\SampleCode\uart-pdma\IAR\Release\Obj\CMSIS Files
[2] = D:\Embedded\Nuvoton\M031_Series_BSP_CMSIS_V3.07.000\SampleCode\uart-pdma\IAR\Release\Obj\Library Files
[3] = D:\Embedded\Nuvoton\M031_Series_BSP_CMSIS_V3.07.000\SampleCode\uart-pdma\IAR\Release\Obj\Source Files
[4] = dl6M_tlf.a
[5] = rt6M_tl.a
[6] = shb_l.a

  4'510 bytes of readonly  code memory
    449 bytes of readonly  data memory
    770 bytes of readwrite data memory

Errors: none
Warnings: none
